// Jest Snapshot v1, https://goo.gl/fbAQLP

exports[`Button Component Clean props 1`] = `ShallowWrapper {}`;

exports[`Button Component Raise props 1`] = `ShallowWrapper {}`;

exports[`Button Component Render button correctly 1`] = `ShallowWrapper {}`;
