// Jest Snapshot v1, https://goo.gl/fbAQLP

exports[`Input Component Render input correctly 1`] = `ShallowWrapper {}`;
